mode: atomic
github.com/muratmirgun/compact-engine/archive/store.go:25.38,27.16 2 2
github.com/muratmirgun/compact-engine/archive/store.go:27.16,29.3 1 0
github.com/muratmirgun/compact-engine/archive/store.go:30.2,30.47 1 2
github.com/muratmirgun/compact-engine/archive/store.go:30.47,32.3 1 0
github.com/muratmirgun/compact-engine/archive/store.go:33.2,33.30 1 2
github.com/muratmirgun/compact-engine/archive/store.go:37.80,38.34 1 9
github.com/muratmirgun/compact-engine/archive/store.go:38.34,40.3 1 0
github.com/muratmirgun/compact-engine/archive/store.go:41.2,42.16 2 9
github.com/muratmirgun/compact-engine/archive/store.go:42.16,44.3 1 0
github.com/muratmirgun/compact-engine/archive/store.go:45.2,48.16 4 9
github.com/muratmirgun/compact-engine/archive/store.go:48.16,50.3 1 0
github.com/muratmirgun/compact-engine/archive/store.go:51.2,51.15 1 9
github.com/muratmirgun/compact-engine/archive/store.go:51.15,51.57 2 9
github.com/muratmirgun/compact-engine/archive/store.go:52.2,52.41 1 9
github.com/muratmirgun/compact-engine/archive/store.go:52.41,54.3 1 0
github.com/muratmirgun/compact-engine/archive/store.go:55.2,55.33 1 9
github.com/muratmirgun/compact-engine/archive/store.go:55.33,57.3 1 0
github.com/muratmirgun/compact-engine/archive/store.go:58.2,58.34 1 9
github.com/muratmirgun/compact-engine/archive/store.go:58.34,60.3 1 0
github.com/muratmirgun/compact-engine/archive/store.go:61.2,61.34 1 9
github.com/muratmirgun/compact-engine/archive/store.go:61.34,63.3 1 0
github.com/muratmirgun/compact-engine/archive/store.go:64.2,64.78 1 9
github.com/muratmirgun/compact-engine/archive/store.go:64.78,66.3 1 0
github.com/muratmirgun/compact-engine/archive/store.go:67.2,68.16 2 9
github.com/muratmirgun/compact-engine/archive/store.go:68.16,70.3 1 0
github.com/muratmirgun/compact-engine/archive/store.go:71.2,72.35 2 9
github.com/muratmirgun/compact-engine/archive/store.go:72.35,74.3 1 0
github.com/muratmirgun/compact-engine/archive/store.go:75.2,75.16 1 9
github.com/muratmirgun/compact-engine/archive/store.go:79.79,80.34 1 12
github.com/muratmirgun/compact-engine/archive/store.go:80.34,82.3 1 0
github.com/muratmirgun/compact-engine/archive/store.go:83.2,83.18 1 12
github.com/muratmirgun/compact-engine/archive/store.go:83.18,85.3 1 1
github.com/muratmirgun/compact-engine/archive/store.go:86.2,87.36 2 11
github.com/muratmirgun/compact-engine/archive/store.go:87.36,89.3 1 0
github.com/muratmirgun/compact-engine/archive/store.go:90.2,90.16 1 11
github.com/muratmirgun/compact-engine/archive/store.go:90.16,92.3 1 0
github.com/muratmirgun/compact-engine/archive/store.go:93.2,94.38 2 11
github.com/muratmirgun/compact-engine/archive/store.go:94.38,96.3 1 1
github.com/muratmirgun/compact-engine/archive/store.go:97.2,98.51 2 10
github.com/muratmirgun/compact-engine/archive/store.go:98.51,100.3 1 0
github.com/muratmirgun/compact-engine/archive/store.go:101.2,101.34 1 10
github.com/muratmirgun/compact-engine/archive/store.go:101.34,103.3 1 0
github.com/muratmirgun/compact-engine/archive/store.go:104.2,104.17 1 10
github.com/muratmirgun/compact-engine/archive/store.go:108.100,110.16 2 1
github.com/muratmirgun/compact-engine/archive/store.go:110.16,112.3 1 0
github.com/muratmirgun/compact-engine/archive/store.go:113.2,113.33 1 1
github.com/muratmirgun/compact-engine/archive/store.go:113.33,114.24 1 1
github.com/muratmirgun/compact-engine/archive/store.go:114.24,116.4 1 1
github.com/muratmirgun/compact-engine/archive/store.go:118.2,118.39 1 0
github.com/muratmirgun/compact-engine/archive/store.go:121.30,122.19 1 12
github.com/muratmirgun/compact-engine/archive/store.go:122.19,124.3 1 1
github.com/muratmirgun/compact-engine/archive/store.go:125.2,125.23 1 11
github.com/muratmirgun/compact-engine/archive/store.go:125.23,128.31 3 704
github.com/muratmirgun/compact-engine/archive/store.go:128.31,130.4 1 0
github.com/muratmirgun/compact-engine/archive/store.go:132.2,132.13 1 11
github.com/muratmirgun/compact-engine/jev/client.go:37.39,38.22 1 13
github.com/muratmirgun/compact-engine/jev/client.go:38.22,40.3 1 0
github.com/muratmirgun/compact-engine/jev/client.go:41.2,41.21 1 13
github.com/muratmirgun/compact-engine/jev/client.go:41.21,43.3 1 13
github.com/muratmirgun/compact-engine/jev/client.go:44.2,44.24 1 13
github.com/muratmirgun/compact-engine/jev/client.go:44.24,46.3 1 1
github.com/muratmirgun/compact-engine/jev/client.go:47.2,47.22 1 13
github.com/muratmirgun/compact-engine/jev/client.go:47.22,49.3 1 13
github.com/muratmirgun/compact-engine/jev/client.go:50.2,50.30 1 13
github.com/muratmirgun/compact-engine/jev/client.go:50.30,52.3 1 11
github.com/muratmirgun/compact-engine/jev/client.go:53.2,53.25 1 13
github.com/muratmirgun/compact-engine/jev/client.go:53.25,55.3 1 13
github.com/muratmirgun/compact-engine/jev/client.go:56.2,56.129 1 13
github.com/muratmirgun/compact-engine/jev/client.go:56.129,58.3 1 0
github.com/muratmirgun/compact-engine/jev/client.go:59.2,60.89 2 13
github.com/muratmirgun/compact-engine/jev/client.go:60.89,62.3 1 0
github.com/muratmirgun/compact-engine/jev/client.go:63.2,65.41 3 13
github.com/muratmirgun/compact-engine/jev/client.go:65.41,67.3 1 0
github.com/muratmirgun/compact-engine/jev/client.go:68.2,69.9 2 13
github.com/muratmirgun/compact-engine/jev/client.go:69.9,71.3 1 0
github.com/muratmirgun/compact-engine/jev/client.go:72.2,74.151 3 13
github.com/muratmirgun/compact-engine/jev/client.go:74.151,74.185 1 1
github.com/muratmirgun/compact-engine/jev/client.go:78.26,78.59 1 13
github.com/muratmirgun/compact-engine/jev/client.go:81.32,81.66 1 0
github.com/muratmirgun/compact-engine/jev/client.go:106.104,108.16 2 14
github.com/muratmirgun/compact-engine/jev/client.go:108.16,110.3 1 1
github.com/muratmirgun/compact-engine/jev/client.go:111.2,112.28 2 13
github.com/muratmirgun/compact-engine/jev/client.go:112.28,114.17 2 15
github.com/muratmirgun/compact-engine/jev/client.go:114.17,116.4 1 11
github.com/muratmirgun/compact-engine/jev/client.go:117.3,117.27 1 4
github.com/muratmirgun/compact-engine/jev/client.go:117.27,119.4 1 9
github.com/muratmirgun/compact-engine/jev/client.go:121.2,121.20 1 2
github.com/muratmirgun/compact-engine/jev/client.go:124.68,126.48 2 14
github.com/muratmirgun/compact-engine/jev/client.go:126.48,129.34 3 16
github.com/muratmirgun/compact-engine/jev/client.go:129.34,131.18 2 23
github.com/muratmirgun/compact-engine/jev/client.go:131.18,133.5 1 0
github.com/muratmirgun/compact-engine/jev/client.go:134.4,134.44 1 23
github.com/muratmirgun/compact-engine/jev/client.go:134.44,135.10 1 3
github.com/muratmirgun/compact-engine/jev/client.go:137.4,138.9 2 20
github.com/muratmirgun/compact-engine/jev/client.go:140.3,140.19 1 16
github.com/muratmirgun/compact-engine/jev/client.go:140.19,142.4 1 1
github.com/muratmirgun/compact-engine/jev/client.go:143.3,144.41 2 15
github.com/muratmirgun/compact-engine/jev/client.go:144.41,146.4 1 0
github.com/muratmirgun/compact-engine/jev/client.go:147.3,147.14 1 15
github.com/muratmirgun/compact-engine/jev/client.go:149.2,149.21 1 13
github.com/muratmirgun/compact-engine/jev/client.go:152.96,154.16 2 23
github.com/muratmirgun/compact-engine/jev/client.go:154.16,156.3 1 0
github.com/muratmirgun/compact-engine/jev/client.go:157.2,158.39 2 23
github.com/muratmirgun/compact-engine/jev/client.go:158.39,159.34 1 36
github.com/muratmirgun/compact-engine/jev/client.go:159.34,160.47 1 2
github.com/muratmirgun/compact-engine/jev/client.go:160.47,162.5 1 4
github.com/muratmirgun/compact-engine/jev/client.go:163.4,163.12 1 2
github.com/muratmirgun/compact-engine/jev/client.go:165.3,167.267 3 34
github.com/muratmirgun/compact-engine/jev/client.go:169.2,169.97 1 23
github.com/muratmirgun/compact-engine/jev/client.go:172.87,174.16 2 15
github.com/muratmirgun/compact-engine/jev/client.go:174.16,176.3 1 0
github.com/muratmirgun/compact-engine/jev/client.go:177.2,180.16 4 15
github.com/muratmirgun/compact-engine/jev/client.go:180.16,182.3 1 1
github.com/muratmirgun/compact-engine/jev/client.go:183.2,184.37 2 14
github.com/muratmirgun/compact-engine/jev/client.go:184.37,186.3 1 3
github.com/muratmirgun/compact-engine/jev/client.go:187.2,188.16 2 11
github.com/muratmirgun/compact-engine/jev/client.go:188.16,190.3 1 0
github.com/muratmirgun/compact-engine/jev/client.go:191.2,191.23 1 11
github.com/muratmirgun/compact-engine/jev/client.go:191.23,193.3 1 1
github.com/muratmirgun/compact-engine/jev/client.go:194.2,195.55 2 10
github.com/muratmirgun/compact-engine/jev/client.go:195.55,197.3 1 1
github.com/muratmirgun/compact-engine/jev/client.go:198.2,199.41 2 9
github.com/muratmirgun/compact-engine/jev/client.go:199.41,200.34 1 14
github.com/muratmirgun/compact-engine/jev/client.go:200.34,202.47 2 2
github.com/muratmirgun/compact-engine/jev/client.go:202.47,204.19 2 4
github.com/muratmirgun/compact-engine/jev/client.go:204.19,206.6 1 1
github.com/muratmirgun/compact-engine/jev/client.go:207.5,207.29 1 3
github.com/muratmirgun/compact-engine/jev/client.go:209.4,210.12 2 1
github.com/muratmirgun/compact-engine/jev/client.go:212.3,213.17 2 12
github.com/muratmirgun/compact-engine/jev/client.go:213.17,215.4 1 3
github.com/muratmirgun/compact-engine/jev/client.go:216.3,217.17 2 9
github.com/muratmirgun/compact-engine/jev/client.go:217.17,219.4 1 1
github.com/muratmirgun/compact-engine/jev/client.go:220.3,220.64 1 8
github.com/muratmirgun/compact-engine/jev/client.go:222.2,222.20 1 4
github.com/muratmirgun/compact-engine/jev/client.go:225.45,227.2 1 8
github.com/muratmirgun/compact-engine/jev/client.go:229.74,231.46 2 25
github.com/muratmirgun/compact-engine/jev/client.go:231.46,233.3 1 4
github.com/muratmirgun/compact-engine/jev/client.go:234.2,235.57 2 21
github.com/muratmirgun/compact-engine/jev/client.go:235.57,237.3 1 1
github.com/muratmirgun/compact-engine/jev/client.go:238.2,238.15 1 20
github.com/muratmirgun/compact-engine/token/counter.go:22.45,23.59 1 2
github.com/muratmirgun/compact-engine/token/counter.go:23.59,25.3 1 0
github.com/muratmirgun/compact-engine/token/counter.go:26.2,27.16 2 2
github.com/muratmirgun/compact-engine/token/counter.go:27.16,29.3 1 0
github.com/muratmirgun/compact-engine/token/counter.go:30.2,30.56 1 2
github.com/muratmirgun/compact-engine/token/counter.go:34.33,34.84 1 0
github.com/muratmirgun/compact-engine/token/counter.go:38.66,42.29 4 6
github.com/muratmirgun/compact-engine/token/counter.go:42.29,50.17 3 8
github.com/muratmirgun/compact-engine/token/counter.go:50.17,52.4 1 0
github.com/muratmirgun/compact-engine/token/counter.go:53.3,54.17 2 8
github.com/muratmirgun/compact-engine/token/counter.go:54.17,56.4 1 0
github.com/muratmirgun/compact-engine/token/counter.go:57.3,57.24 1 8
github.com/muratmirgun/compact-engine/token/counter.go:59.2,59.19 1 6
github.com/muratmirgun/compact-engine/compact/engine.go:21.72,22.53 1 31
github.com/muratmirgun/compact-engine/compact/engine.go:22.53,24.3 1 0
github.com/muratmirgun/compact-engine/compact/engine.go:25.2,25.69 1 31
github.com/muratmirgun/compact-engine/compact/engine.go:30.76,32.34 2 31
github.com/muratmirgun/compact-engine/compact/engine.go:32.34,34.3 1 1
github.com/muratmirgun/compact-engine/compact/engine.go:35.2,36.16 2 30
github.com/muratmirgun/compact-engine/compact/engine.go:36.16,38.3 1 10
github.com/muratmirgun/compact-engine/compact/engine.go:39.2,40.16 2 20
github.com/muratmirgun/compact-engine/compact/engine.go:40.16,42.3 1 0
github.com/muratmirgun/compact-engine/compact/engine.go:43.2,44.16 2 20
github.com/muratmirgun/compact-engine/compact/engine.go:44.16,46.3 1 0
github.com/muratmirgun/compact-engine/compact/engine.go:47.2,48.16 2 20
github.com/muratmirgun/compact-engine/compact/engine.go:48.16,50.3 1 1
github.com/muratmirgun/compact-engine/compact/engine.go:51.2,56.26 2 19
github.com/muratmirgun/compact-engine/compact/engine.go:56.26,59.3 2 19
github.com/muratmirgun/compact-engine/compact/engine.go:60.2,60.32 1 19
github.com/muratmirgun/compact-engine/compact/engine.go:60.32,63.3 2 2
github.com/muratmirgun/compact-engine/compact/engine.go:64.2,65.27 2 17
github.com/muratmirgun/compact-engine/compact/engine.go:65.27,66.18 1 73
github.com/muratmirgun/compact-engine/compact/engine.go:66.18,68.4 1 55
github.com/muratmirgun/compact-engine/compact/engine.go:70.2,71.16 2 17
github.com/muratmirgun/compact-engine/compact/engine.go:71.16,73.3 1 0
github.com/muratmirgun/compact-engine/compact/engine.go:74.2,74.53 1 17
github.com/muratmirgun/compact-engine/compact/engine.go:74.53,78.3 3 3
github.com/muratmirgun/compact-engine/compact/engine.go:79.2,80.16 2 14
github.com/muratmirgun/compact-engine/compact/engine.go:80.16,82.3 1 0
github.com/muratmirgun/compact-engine/compact/engine.go:83.2,86.34 4 14
github.com/muratmirgun/compact-engine/compact/engine.go:86.34,88.3 1 0
github.com/muratmirgun/compact-engine/compact/engine.go:89.2,89.21 1 14
github.com/muratmirgun/compact-engine/compact/engine.go:89.21,91.3 1 13
github.com/muratmirgun/compact-engine/compact/engine.go:92.2,92.21 1 14
github.com/muratmirgun/compact-engine/compact/engine.go:92.21,96.3 3 6
github.com/muratmirgun/compact-engine/compact/engine.go:97.2,99.16 3 8
github.com/muratmirgun/compact-engine/compact/engine.go:99.16,101.3 1 0
github.com/muratmirgun/compact-engine/compact/engine.go:102.2,103.16 2 8
github.com/muratmirgun/compact-engine/compact/engine.go:103.16,105.3 1 0
github.com/muratmirgun/compact-engine/compact/engine.go:106.2,106.34 1 8
github.com/muratmirgun/compact-engine/compact/engine.go:106.34,108.3 1 0
github.com/muratmirgun/compact-engine/compact/engine.go:109.2,109.72 1 8
github.com/muratmirgun/compact-engine/compact/engine.go:109.72,113.3 3 4
github.com/muratmirgun/compact-engine/compact/engine.go:114.2,115.23 2 4
github.com/muratmirgun/compact-engine/compact/engine.go:115.23,118.3 2 2
github.com/muratmirgun/compact-engine/compact/engine.go:119.2,122.22 4 4
github.com/muratmirgun/compact-engine/compact/engine.go:125.93,129.33 3 14
github.com/muratmirgun/compact-engine/compact/engine.go:129.33,130.39 1 93
github.com/muratmirgun/compact-engine/compact/engine.go:130.39,132.4 1 27
github.com/muratmirgun/compact-engine/compact/engine.go:134.2,135.27 2 14
github.com/muratmirgun/compact-engine/compact/engine.go:135.27,136.18 1 60
github.com/muratmirgun/compact-engine/compact/engine.go:136.18,137.12 1 46
github.com/muratmirgun/compact-engine/compact/engine.go:139.3,141.17 3 14
github.com/muratmirgun/compact-engine/compact/engine.go:141.17,143.4 1 0
github.com/muratmirgun/compact-engine/compact/engine.go:144.3,145.30 2 14
github.com/muratmirgun/compact-engine/compact/engine.go:145.30,147.34 2 28
github.com/muratmirgun/compact-engine/compact/engine.go:147.34,149.5 1 14
github.com/muratmirgun/compact-engine/compact/engine.go:150.4,151.21 2 28
github.com/muratmirgun/compact-engine/compact/engine.go:153.3,155.17 3 14
github.com/muratmirgun/compact-engine/compact/engine.go:155.17,157.4 1 0
github.com/muratmirgun/compact-engine/compact/engine.go:158.3,158.171 1 14
github.com/muratmirgun/compact-engine/compact/engine.go:160.2,160.18 1 14
github.com/muratmirgun/compact-engine/compact/engine.go:163.59,165.30 2 105
github.com/muratmirgun/compact-engine/compact/engine.go:165.30,167.3 1 163
github.com/muratmirgun/compact-engine/compact/engine.go:168.2,168.12 1 105
github.com/muratmirgun/compact-engine/compact/engine.go:171.76,172.31 1 13
github.com/muratmirgun/compact-engine/compact/engine.go:172.31,174.10 2 13
github.com/muratmirgun/compact-engine/compact/engine.go:174.10,176.4 1 1
github.com/muratmirgun/compact-engine/compact/engine.go:177.3,178.20 2 12
github.com/muratmirgun/compact-engine/compact/engine.go:178.20,180.33 2 7
github.com/muratmirgun/compact-engine/compact/engine.go:180.33,182.12 2 25
github.com/muratmirgun/compact-engine/compact/engine.go:182.12,184.6 1 1
github.com/muratmirgun/compact-engine/compact/engine.go:185.5,185.45 1 24
github.com/muratmirgun/compact-engine/compact/engine.go:188.3,188.35 1 11
github.com/muratmirgun/compact-engine/compact/engine.go:188.35,189.59 1 28
github.com/muratmirgun/compact-engine/compact/engine.go:189.59,191.5 1 3
github.com/muratmirgun/compact-engine/compact/engine.go:194.2,194.12 1 8
github.com/muratmirgun/compact-engine/compact/engine.go:197.49,199.16 2 20
github.com/muratmirgun/compact-engine/compact/engine.go:199.16,201.3 1 0
github.com/muratmirgun/compact-engine/compact/engine.go:202.2,203.53 2 20
github.com/muratmirgun/compact-engine/compact/engine.go:203.53,205.3 1 0
github.com/muratmirgun/compact-engine/compact/engine.go:206.2,206.19 1 20
github.com/muratmirgun/compact-engine/compact/excerpt.go:12.51,13.24 1 85
github.com/muratmirgun/compact-engine/compact/excerpt.go:13.24,15.3 1 55
github.com/muratmirgun/compact-engine/compact/excerpt.go:16.2,17.71 2 30
github.com/muratmirgun/compact-engine/compact/excerpt.go:17.71,17.126 1 563
github.com/muratmirgun/compact-engine/compact/excerpt.go:18.2,20.29 3 30
github.com/muratmirgun/compact-engine/compact/excerpt.go:20.29,22.33 2 25043
github.com/muratmirgun/compact-engine/compact/excerpt.go:22.33,24.4 1 117
github.com/muratmirgun/compact-engine/compact/excerpt.go:25.3,26.90 2 25043
github.com/muratmirgun/compact-engine/compact/excerpt.go:26.90,27.36 1 150258
github.com/muratmirgun/compact-engine/compact/excerpt.go:27.36,29.5 1 5
github.com/muratmirgun/compact-engine/compact/excerpt.go:31.3,31.30 1 25043
github.com/muratmirgun/compact-engine/compact/excerpt.go:31.30,32.55 1 74925
github.com/muratmirgun/compact-engine/compact/excerpt.go:32.55,34.5 1 202
github.com/muratmirgun/compact-engine/compact/excerpt.go:36.3,36.44 1 25043
github.com/muratmirgun/compact-engine/compact/excerpt.go:38.2,38.53 1 30
github.com/muratmirgun/compact-engine/compact/excerpt.go:38.53,38.81 1 32471
github.com/muratmirgun/compact-engine/compact/excerpt.go:39.2,41.29 3 30
github.com/muratmirgun/compact-engine/compact/excerpt.go:41.29,42.21 1 2299
github.com/muratmirgun/compact-engine/compact/excerpt.go:42.21,43.9 1 29
github.com/muratmirgun/compact-engine/compact/excerpt.go:45.3,47.29 3 2270
github.com/muratmirgun/compact-engine/compact/excerpt.go:47.29,49.4 1 24
github.com/muratmirgun/compact-engine/compact/excerpt.go:50.3,51.45 2 2270
github.com/muratmirgun/compact-engine/compact/excerpt.go:53.2,55.23 3 30
github.com/muratmirgun/compact-engine/compact/excerpt.go:55.23,56.34 1 25043
github.com/muratmirgun/compact-engine/compact/excerpt.go:56.34,59.4 2 2270
github.com/muratmirgun/compact-engine/compact/excerpt.go:61.2,61.19 1 30
github.com/muratmirgun/compact-engine/compact/excerpt.go:64.39,65.21 1 2270
github.com/muratmirgun/compact-engine/compact/excerpt.go:65.21,67.3 1 2246
github.com/muratmirgun/compact-engine/compact/excerpt.go:68.2,69.41 2 24
github.com/muratmirgun/compact-engine/compact/excerpt.go:69.41,71.3 1 0
github.com/muratmirgun/compact-engine/compact/excerpt.go:72.2,72.16 1 24
github.com/muratmirgun/compact-engine/compact/groups.go:18.50,19.88 1 38
github.com/muratmirgun/compact-engine/compact/groups.go:19.88,21.3 1 0
github.com/muratmirgun/compact-engine/compact/groups.go:22.2,22.88 1 38
github.com/muratmirgun/compact-engine/compact/groups.go:22.88,24.3 1 0
github.com/muratmirgun/compact-engine/compact/groups.go:25.2,26.31 2 38
github.com/muratmirgun/compact-engine/compact/groups.go:26.31,28.3 1 37
github.com/muratmirgun/compact-engine/compact/groups.go:29.2,29.16 1 38
github.com/muratmirgun/compact-engine/compact/groups.go:29.16,31.3 1 1
github.com/muratmirgun/compact-engine/compact/groups.go:32.2,37.33 6 37
github.com/muratmirgun/compact-engine/compact/groups.go:37.33,39.28 2 218
github.com/muratmirgun/compact-engine/compact/groups.go:39.28,41.4 1 1
github.com/muratmirgun/compact-engine/compact/groups.go:42.3,42.29 1 217
github.com/muratmirgun/compact-engine/compact/groups.go:42.29,44.4 1 1
github.com/muratmirgun/compact-engine/compact/groups.go:45.3,46.97 2 216
github.com/muratmirgun/compact-engine/compact/groups.go:46.97,48.4 1 0
github.com/muratmirgun/compact-engine/compact/groups.go:49.3,49.17 1 216
github.com/muratmirgun/compact-engine/compact/groups.go:50.59,50.59 0 215
github.com/muratmirgun/compact-engine/compact/groups.go:51.11,52.69 1 1
github.com/muratmirgun/compact-engine/compact/groups.go:54.3,54.100 1 215
github.com/muratmirgun/compact-engine/compact/groups.go:54.100,56.4 1 0
github.com/muratmirgun/compact-engine/compact/groups.go:57.3,57.25 1 215
github.com/muratmirgun/compact-engine/compact/groups.go:57.25,58.42 1 74
github.com/muratmirgun/compact-engine/compact/groups.go:58.42,60.5 1 1
github.com/muratmirgun/compact-engine/compact/groups.go:61.4,61.29 1 73
github.com/muratmirgun/compact-engine/compact/groups.go:63.3,63.36 1 214
github.com/muratmirgun/compact-engine/compact/groups.go:63.36,64.164 1 77
github.com/muratmirgun/compact-engine/compact/groups.go:64.164,66.5 1 2
github.com/muratmirgun/compact-engine/compact/groups.go:67.4,67.35 1 75
github.com/muratmirgun/compact-engine/compact/groups.go:67.35,69.5 1 0
github.com/muratmirgun/compact-engine/compact/groups.go:70.4,70.22 1 75
github.com/muratmirgun/compact-engine/compact/groups.go:73.2,73.33 1 31
github.com/muratmirgun/compact-engine/compact/groups.go:73.33,74.35 1 200
github.com/muratmirgun/compact-engine/compact/groups.go:74.35,76.11 2 2
github.com/muratmirgun/compact-engine/compact/groups.go:76.11,78.5 1 1
github.com/muratmirgun/compact-engine/compact/groups.go:79.4,79.23 1 1
github.com/muratmirgun/compact-engine/compact/groups.go:81.3,81.20 1 199
github.com/muratmirgun/compact-engine/compact/groups.go:81.20,82.35 1 2
github.com/muratmirgun/compact-engine/compact/groups.go:82.35,84.5 1 1
github.com/muratmirgun/compact-engine/compact/groups.go:85.4,85.22 1 2
github.com/muratmirgun/compact-engine/compact/groups.go:88.2,88.34 1 30
github.com/muratmirgun/compact-engine/compact/groups.go:88.34,90.28 2 68
github.com/muratmirgun/compact-engine/compact/groups.go:90.28,92.4 1 2
github.com/muratmirgun/compact-engine/compact/groups.go:93.3,93.30 1 66
github.com/muratmirgun/compact-engine/compact/groups.go:95.2,97.33 3 28
github.com/muratmirgun/compact-engine/compact/groups.go:97.33,100.10 3 184
github.com/muratmirgun/compact-engine/compact/groups.go:100.10,104.4 3 116
github.com/muratmirgun/compact-engine/compact/groups.go:105.3,107.84 3 184
github.com/muratmirgun/compact-engine/compact/groups.go:107.84,110.4 2 103
github.com/muratmirgun/compact-engine/compact/groups.go:112.2,112.20 1 28
github.com/muratmirgun/compact-engine/compact/groups.go:115.74,116.9 1 184
github.com/muratmirgun/compact-engine/compact/groups.go:117.16,118.29 1 10
github.com/muratmirgun/compact-engine/compact/groups.go:119.20,120.27 1 27
github.com/muratmirgun/compact-engine/compact/groups.go:121.71,122.39 1 51
github.com/muratmirgun/compact-engine/compact/groups.go:123.64,124.45 1 0
github.com/muratmirgun/compact-engine/compact/groups.go:125.16,126.26 1 3
github.com/muratmirgun/compact-engine/compact/groups.go:128.2,128.35 1 93
github.com/muratmirgun/compact-engine/compact/groups.go:128.35,129.22 1 65
github.com/muratmirgun/compact-engine/compact/groups.go:129.22,131.4 1 11
github.com/muratmirgun/compact-engine/compact/groups.go:132.3,132.37 1 54
github.com/muratmirgun/compact-engine/compact/groups.go:132.37,134.4 1 1
github.com/muratmirgun/compact-engine/compact/groups.go:136.2,136.11 1 81
github.com/muratmirgun/compact-engine/compact/groups.go:139.37,140.22 1 320
github.com/muratmirgun/compact-engine/compact/groups.go:140.22,143.3 2 70
github.com/muratmirgun/compact-engine/compact/groups.go:144.2,144.10 1 320
github.com/muratmirgun/compact-engine/compact/groups.go:147.36,149.2 1 68
github.com/muratmirgun/compact-engine/compact/groups.go:151.37,152.35 1 218
github.com/muratmirgun/compact-engine/compact/groups.go:152.35,154.3 1 0
github.com/muratmirgun/compact-engine/compact/groups.go:155.2,155.23 1 218
github.com/muratmirgun/compact-engine/compact/groups.go:155.23,158.64 3 1789
github.com/muratmirgun/compact-engine/compact/groups.go:158.64,160.4 1 1
github.com/muratmirgun/compact-engine/compact/groups.go:162.2,162.13 1 217
github.com/muratmirgun/compact-engine/compact/replay.go:13.49,15.32 2 28
github.com/muratmirgun/compact-engine/compact/replay.go:15.32,18.3 2 22
github.com/muratmirgun/compact-engine/compact/replay.go:19.2,19.36 1 28
github.com/muratmirgun/compact-engine/compact/replay.go:23.32,23.51 1 15
github.com/muratmirgun/compact-engine/compact/replay.go:26.88,27.34 1 13
github.com/muratmirgun/compact-engine/compact/replay.go:27.34,29.3 1 0
github.com/muratmirgun/compact-engine/compact/replay.go:30.2,31.36 2 13
github.com/muratmirgun/compact-engine/compact/replay.go:31.36,32.38 1 13
github.com/muratmirgun/compact-engine/compact/replay.go:32.38,35.4 2 12
github.com/muratmirgun/compact-engine/compact/replay.go:37.2,37.17 1 13
github.com/muratmirgun/compact-engine/compact/selection.go:13.109,15.75 2 14
github.com/muratmirgun/compact-engine/compact/selection.go:15.75,18.17 3 56
github.com/muratmirgun/compact-engine/compact/selection.go:18.17,20.4 1 0
github.com/muratmirgun/compact-engine/compact/selection.go:21.3,21.29 1 56
github.com/muratmirgun/compact-engine/compact/selection.go:21.29,23.4 1 56
github.com/muratmirgun/compact-engine/compact/selection.go:25.2,25.22 1 14
github.com/muratmirgun/compact-engine/compact/selection.go:35.156,37.36 2 8
github.com/muratmirgun/compact-engine/compact/selection.go:37.36,39.3 1 8
github.com/muratmirgun/compact-engine/compact/selection.go:40.2,42.27 3 8
github.com/muratmirgun/compact-engine/compact/selection.go:42.27,45.17 3 36
github.com/muratmirgun/compact-engine/compact/selection.go:45.17,47.4 1 0
github.com/muratmirgun/compact-engine/compact/selection.go:48.3,49.17 2 36
github.com/muratmirgun/compact-engine/compact/selection.go:53.2,53.31 1 8
github.com/muratmirgun/compact-engine/compact/selection.go:53.31,54.35 1 14
github.com/muratmirgun/compact-engine/compact/selection.go:54.35,56.4 1 0
github.com/muratmirgun/compact-engine/compact/selection.go:57.3,59.28 3 14
github.com/muratmirgun/compact-engine/compact/selection.go:59.28,60.19 1 64
github.com/muratmirgun/compact-engine/compact/selection.go:60.19,61.13 1 50
github.com/muratmirgun/compact-engine/compact/selection.go:63.4,63.38 1 14
github.com/muratmirgun/compact-engine/compact/selection.go:63.38,65.51 2 56
github.com/muratmirgun/compact-engine/compact/selection.go:65.51,66.14 1 34
github.com/muratmirgun/compact-engine/compact/selection.go:68.5,69.28 2 22
github.com/muratmirgun/compact-engine/compact/selection.go:69.28,72.6 2 11
github.com/muratmirgun/compact-engine/compact/selection.go:75.3,75.20 1 14
github.com/muratmirgun/compact-engine/compact/selection.go:75.20,76.9 1 6
github.com/muratmirgun/compact-engine/compact/selection.go:78.3,79.29 2 8
github.com/muratmirgun/compact-engine/compact/selection.go:81.2,81.48 1 8
github.com/muratmirgun/compact-engine/compact/selection.go:84.61,85.23 1 56
github.com/muratmirgun/compact-engine/compact/selection.go:85.23,88.3 2 36
github.com/muratmirgun/compact-engine/compact/selection.go:90.2,90.81 1 20
github.com/muratmirgun/compact-engine/compact/selection.go:90.81,92.3 1 12
github.com/muratmirgun/compact-engine/compact/selection.go:93.2,93.16 1 8
github.com/muratmirgun/compact-engine/compact/selection.go:94.17,95.40 1 2
github.com/muratmirgun/compact-engine/compact/selection.go:96.15,97.39 1 2
github.com/muratmirgun/compact-engine/compact/selection.go:98.19,99.39 1 2
github.com/muratmirgun/compact-engine/compact/selection.go:100.14,101.56 1 2
github.com/muratmirgun/compact-engine/compact/selection.go:102.10,103.18 1 0
github.com/muratmirgun/compact-engine/compact/selection.go:107.122,110.27 3 8
github.com/muratmirgun/compact-engine/compact/selection.go:110.27,112.31 2 36
github.com/muratmirgun/compact-engine/compact/selection.go:112.31,114.4 1 57
github.com/muratmirgun/compact-engine/compact/selection.go:115.3,116.19 2 36
github.com/muratmirgun/compact-engine/compact/selection.go:116.19,120.21 4 8
github.com/muratmirgun/compact-engine/compact/selection.go:120.21,122.5 1 4
github.com/muratmirgun/compact-engine/compact/selection.go:124.3,125.42 2 36
github.com/muratmirgun/compact-engine/compact/selection.go:125.42,127.4 1 53
github.com/muratmirgun/compact-engine/compact/selection.go:130.2,131.33 2 8
github.com/muratmirgun/compact-engine/compact/selection.go:131.33,132.40 1 57
github.com/muratmirgun/compact-engine/compact/selection.go:132.40,134.4 1 53
github.com/muratmirgun/compact-engine/compact/selection.go:136.2,136.33 1 8
github.com/muratmirgun/compact-engine/compact/selection.go:139.77,140.22 1 56
github.com/muratmirgun/compact-engine/compact/selection.go:140.22,142.3 1 14
github.com/muratmirgun/compact-engine/compact/selection.go:143.2,144.27 2 42
github.com/muratmirgun/compact-engine/compact/selection.go:144.27,145.23 1 84
github.com/muratmirgun/compact-engine/compact/selection.go:145.23,146.12 1 42
github.com/muratmirgun/compact-engine/compact/selection.go:148.3,149.17 2 42
github.com/muratmirgun/compact-engine/compact/selection.go:150.18,151.61 1 14
github.com/muratmirgun/compact-engine/compact/selection.go:152.16,155.152 2 14
github.com/muratmirgun/compact-engine/compact/selection.go:156.20,157.24 1 14
github.com/muratmirgun/compact-engine/compact/selection.go:160.2,160.15 1 42
github.com/muratmirgun/compact-engine/cmd/compactd/main.go:34.13,38.16 4 0
github.com/muratmirgun/compact-engine/cmd/compactd/main.go:38.16,41.3 2 0
github.com/muratmirgun/compact-engine/cmd/compactd/main.go:44.67,45.20 1 3
github.com/muratmirgun/compact-engine/cmd/compactd/main.go:45.20,47.3 1 0
github.com/muratmirgun/compact-engine/cmd/compactd/main.go:48.2,48.17 1 3
github.com/muratmirgun/compact-engine/cmd/compactd/main.go:49.15,50.37 1 1
github.com/muratmirgun/compact-engine/cmd/compactd/main.go:51.17,52.43 1 1
github.com/muratmirgun/compact-engine/cmd/compactd/main.go:53.16,54.38 1 1
github.com/muratmirgun/compact-engine/cmd/compactd/main.go:55.30,57.13 2 0
github.com/muratmirgun/compact-engine/cmd/compactd/main.go:58.10,59.51 1 0
github.com/muratmirgun/compact-engine/cmd/compactd/main.go:63.45,71.2 7 2
github.com/muratmirgun/compact-engine/cmd/compactd/main.go:73.76,75.16 2 2
github.com/muratmirgun/compact-engine/cmd/compactd/main.go:75.16,77.3 1 0
github.com/muratmirgun/compact-engine/cmd/compactd/main.go:78.2,79.16 2 2
github.com/muratmirgun/compact-engine/cmd/compactd/main.go:79.16,81.3 1 0
github.com/muratmirgun/compact-engine/cmd/compactd/main.go:82.2,83.20 2 2
github.com/muratmirgun/compact-engine/cmd/compactd/main.go:83.21,83.22 0 2
github.com/muratmirgun/compact-engine/cmd/compactd/main.go:84.2,84.23 1 2
github.com/muratmirgun/compact-engine/cmd/compactd/main.go:84.23,86.58 2 2
github.com/muratmirgun/compact-engine/cmd/compactd/main.go:86.58,88.4 1 0
github.com/muratmirgun/compact-engine/cmd/compactd/main.go:89.3,89.37 1 2
github.com/muratmirgun/compact-engine/cmd/compactd/main.go:90.8,92.17 2 0
github.com/muratmirgun/compact-engine/cmd/compactd/main.go:92.17,94.4 1 0
github.com/muratmirgun/compact-engine/cmd/compactd/main.go:95.3,96.25 2 0
github.com/muratmirgun/compact-engine/cmd/compactd/main.go:98.2,99.16 2 2
github.com/muratmirgun/compact-engine/cmd/compactd/main.go:99.16,102.3 2 0
github.com/muratmirgun/compact-engine/cmd/compactd/main.go:103.2,103.36 1 2
github.com/muratmirgun/compact-engine/cmd/compactd/main.go:106.69,112.39 6 1
github.com/muratmirgun/compact-engine/cmd/compactd/main.go:112.39,113.35 1 0
github.com/muratmirgun/compact-engine/cmd/compactd/main.go:113.35,115.4 1 0
github.com/muratmirgun/compact-engine/cmd/compactd/main.go:116.3,116.13 1 0
github.com/muratmirgun/compact-engine/cmd/compactd/main.go:118.2,118.20 1 1
github.com/muratmirgun/compact-engine/cmd/compactd/main.go:118.20,120.3 1 0
github.com/muratmirgun/compact-engine/cmd/compactd/main.go:121.2,122.54 2 1
github.com/muratmirgun/compact-engine/cmd/compactd/main.go:122.54,124.3 1 0
github.com/muratmirgun/compact-engine/cmd/compactd/main.go:125.2,126.16 2 1
github.com/muratmirgun/compact-engine/cmd/compactd/main.go:126.16,128.3 1 0
github.com/muratmirgun/compact-engine/cmd/compactd/main.go:129.2,131.16 3 1
github.com/muratmirgun/compact-engine/cmd/compactd/main.go:131.16,133.3 1 0
github.com/muratmirgun/compact-engine/cmd/compactd/main.go:134.2,136.16 3 1
github.com/muratmirgun/compact-engine/cmd/compactd/main.go:136.16,138.3 1 0
github.com/muratmirgun/compact-engine/cmd/compactd/main.go:139.2,143.23 5 1
github.com/muratmirgun/compact-engine/cmd/compactd/main.go:143.23,145.3 1 1
github.com/muratmirgun/compact-engine/cmd/compactd/main.go:146.2,149.12 3 1
github.com/muratmirgun/compact-engine/cmd/compactd/main.go:149.12,149.43 1 1
github.com/muratmirgun/compact-engine/cmd/compactd/main.go:150.2,150.9 1 1
github.com/muratmirgun/compact-engine/cmd/compactd/main.go:151.21,152.43 1 0
github.com/muratmirgun/compact-engine/cmd/compactd/main.go:152.43,154.4 1 0
github.com/muratmirgun/compact-engine/cmd/compactd/main.go:155.3,155.13 1 0
github.com/muratmirgun/compact-engine/cmd/compactd/main.go:156.20,160.25 4 1
github.com/muratmirgun/compact-engine/cmd/compactd/main.go:160.25,162.4 1 0
github.com/muratmirgun/compact-engine/cmd/compactd/main.go:163.3,164.48 2 1
github.com/muratmirgun/compact-engine/cmd/compactd/main.go:164.48,166.4 1 1
github.com/muratmirgun/compact-engine/cmd/compactd/main.go:167.3,167.44 1 1
github.com/muratmirgun/compact-engine/cmd/compactd/main.go:171.75,176.39 5 1
github.com/muratmirgun/compact-engine/cmd/compactd/main.go:176.39,177.35 1 0
github.com/muratmirgun/compact-engine/cmd/compactd/main.go:177.35,179.4 1 0
github.com/muratmirgun/compact-engine/cmd/compactd/main.go:180.3,180.13 1 0
github.com/muratmirgun/compact-engine/cmd/compactd/main.go:182.2,182.20 1 1
github.com/muratmirgun/compact-engine/cmd/compactd/main.go:182.20,184.3 1 0
github.com/muratmirgun/compact-engine/cmd/compactd/main.go:185.2,186.19 2 1
github.com/muratmirgun/compact-engine/cmd/compactd/main.go:186.19,187.48 1 1
github.com/muratmirgun/compact-engine/cmd/compactd/main.go:187.48,189.4 1 0
github.com/muratmirgun/compact-engine/cmd/compactd/main.go:190.8,190.56 1 0
github.com/muratmirgun/compact-engine/cmd/compactd/main.go:190.56,192.3 1 0
github.com/muratmirgun/compact-engine/cmd/compactd/main.go:193.2,194.16 2 1
github.com/muratmirgun/compact-engine/cmd/compactd/main.go:194.16,196.3 1 0
github.com/muratmirgun/compact-engine/cmd/compactd/main.go:197.2,201.16 5 1
github.com/muratmirgun/compact-engine/cmd/compactd/main.go:201.16,203.3 1 0
github.com/muratmirgun/compact-engine/cmd/compactd/main.go:204.2,204.50 1 1
github.com/muratmirgun/compact-engine/cmd/compactd/main.go:207.70,213.39 6 1
github.com/muratmirgun/compact-engine/cmd/compactd/main.go:213.39,214.35 1 0
github.com/muratmirgun/compact-engine/cmd/compactd/main.go:214.35,216.4 1 0
github.com/muratmirgun/compact-engine/cmd/compactd/main.go:217.3,217.13 1 0
github.com/muratmirgun/compact-engine/cmd/compactd/main.go:219.2,219.33 1 1
github.com/muratmirgun/compact-engine/cmd/compactd/main.go:219.33,221.3 1 0
github.com/muratmirgun/compact-engine/cmd/compactd/main.go:222.2,223.16 2 1
github.com/muratmirgun/compact-engine/cmd/compactd/main.go:223.16,225.3 1 0
github.com/muratmirgun/compact-engine/cmd/compactd/main.go:226.2,226.20 1 1
github.com/muratmirgun/compact-engine/cmd/compactd/main.go:226.20,228.17 2 1
github.com/muratmirgun/compact-engine/cmd/compactd/main.go:228.17,230.4 1 0
github.com/muratmirgun/compact-engine/cmd/compactd/main.go:231.3,231.46 1 1
github.com/muratmirgun/compact-engine/cmd/compactd/main.go:233.2,234.16 2 0
github.com/muratmirgun/compact-engine/cmd/compactd/main.go:234.16,236.3 1 0
github.com/muratmirgun/compact-engine/cmd/compactd/main.go:237.2,237.47 1 0
github.com/muratmirgun/compact-engine/cmd/compactd/main.go:240.47,242.16 2 2
github.com/muratmirgun/compact-engine/cmd/compactd/main.go:242.16,244.3 1 0
github.com/muratmirgun/compact-engine/cmd/compactd/main.go:245.2,246.25 2 2
github.com/muratmirgun/compact-engine/cmd/compactd/main.go:249.43,251.16 2 3
github.com/muratmirgun/compact-engine/cmd/compactd/main.go:251.16,253.3 1 0
github.com/muratmirgun/compact-engine/cmd/compactd/main.go:254.2,254.23 1 3
github.com/muratmirgun/compact-engine/cmd/compactd/main.go:254.23,256.3 1 0
github.com/muratmirgun/compact-engine/cmd/compactd/main.go:257.2,257.23 1 3
github.com/muratmirgun/compact-engine/cmd/compactd/main.go:257.23,259.3 1 0
github.com/muratmirgun/compact-engine/cmd/compactd/main.go:260.2,262.40 3 3
github.com/muratmirgun/compact-engine/cmd/compactd/main.go:262.40,264.3 1 0
github.com/muratmirgun/compact-engine/cmd/compactd/main.go:265.2,265.56 1 3
github.com/muratmirgun/compact-engine/cmd/compactd/main.go:265.56,267.3 1 0
github.com/muratmirgun/compact-engine/cmd/compactd/main.go:268.2,268.12 1 3
github.com/muratmirgun/compact-engine/cmd/compactd/main.go:271.55,273.16 2 6
github.com/muratmirgun/compact-engine/cmd/compactd/main.go:273.16,275.3 1 0
github.com/muratmirgun/compact-engine/cmd/compactd/main.go:276.2,277.57 2 6
github.com/muratmirgun/compact-engine/cmd/compactd/main.go:277.57,279.3 1 3
github.com/muratmirgun/compact-engine/cmd/compactd/main.go:280.2,280.12 1 3
github.com/muratmirgun/compact-engine/server/server.go:51.72,52.35 1 9
github.com/muratmirgun/compact-engine/server/server.go:52.35,54.3 1 0
github.com/muratmirgun/compact-engine/server/server.go:55.2,55.27 1 9
github.com/muratmirgun/compact-engine/server/server.go:55.27,57.3 1 8
github.com/muratmirgun/compact-engine/server/server.go:58.2,58.28 1 9
github.com/muratmirgun/compact-engine/server/server.go:58.28,60.3 1 7
github.com/muratmirgun/compact-engine/server/server.go:61.2,61.22 1 9
github.com/muratmirgun/compact-engine/server/server.go:61.22,63.3 1 9
github.com/muratmirgun/compact-engine/server/server.go:64.2,64.97 1 9
github.com/muratmirgun/compact-engine/server/server.go:64.97,66.3 1 0
github.com/muratmirgun/compact-engine/server/server.go:68.2,72.15 5 9
github.com/muratmirgun/compact-engine/server/server.go:76.69,79.60 3 21
github.com/muratmirgun/compact-engine/server/server.go:79.60,82.3 2 1
github.com/muratmirgun/compact-engine/server/server.go:83.2,83.26 1 20
github.com/muratmirgun/compact-engine/server/server.go:83.26,86.55 3 13
github.com/muratmirgun/compact-engine/server/server.go:86.55,89.4 2 3
github.com/muratmirgun/compact-engine/server/server.go:91.2,91.9 1 17
github.com/muratmirgun/compact-engine/server/server.go:92.29,93.16 1 16
github.com/muratmirgun/compact-engine/server/server.go:93.16,93.29 1 16
github.com/muratmirgun/compact-engine/server/server.go:94.28,96.9 2 0
github.com/muratmirgun/compact-engine/server/server.go:97.10,100.9 3 1
github.com/muratmirgun/compact-engine/server/server.go:102.2,104.43 3 16
github.com/muratmirgun/compact-engine/server/server.go:107.67,108.114 1 12
github.com/muratmirgun/compact-engine/server/server.go:108.114,111.3 2 1
github.com/muratmirgun/compact-engine/server/server.go:112.2,115.16 4 11
github.com/muratmirgun/compact-engine/server/server.go:115.16,117.32 2 1
github.com/muratmirgun/compact-engine/server/server.go:117.32,120.4 2 1
github.com/muratmirgun/compact-engine/server/server.go:121.3,122.9 2 0
github.com/muratmirgun/compact-engine/server/server.go:124.2,124.23 1 10
github.com/muratmirgun/compact-engine/server/server.go:124.23,127.3 2 1
github.com/muratmirgun/compact-engine/server/server.go:128.2,131.45 4 9
github.com/muratmirgun/compact-engine/server/server.go:131.45,134.3 2 1
github.com/muratmirgun/compact-engine/server/server.go:135.2,135.62 1 8
github.com/muratmirgun/compact-engine/server/server.go:135.62,138.3 2 1
github.com/muratmirgun/compact-engine/server/server.go:139.2,140.16 2 7
github.com/muratmirgun/compact-engine/server/server.go:140.16,143.3 2 5
github.com/muratmirgun/compact-engine/server/server.go:144.2,144.37 1 2
github.com/muratmirgun/compact-engine/server/server.go:147.68,149.16 2 2
github.com/muratmirgun/compact-engine/server/server.go:149.16,152.3 2 1
github.com/muratmirgun/compact-engine/server/server.go:153.2,153.34 1 1
github.com/muratmirgun/compact-engine/server/server.go:156.66,158.16 2 2
github.com/muratmirgun/compact-engine/server/server.go:158.16,161.3 2 1
github.com/muratmirgun/compact-engine/server/server.go:162.2,162.32 1 1
github.com/muratmirgun/compact-engine/server/server.go:165.52,166.9 1 7
github.com/muratmirgun/compact-engine/server/server.go:167.42,168.52 1 1
github.com/muratmirgun/compact-engine/server/server.go:169.43,170.50 1 3
github.com/muratmirgun/compact-engine/server/server.go:171.82,172.79 1 2
github.com/muratmirgun/compact-engine/server/server.go:173.10,174.74 1 1
github.com/muratmirgun/compact-engine/server/server.go:178.68,180.2 1 16
github.com/muratmirgun/compact-engine/server/server.go:182.62,184.16 2 21
github.com/muratmirgun/compact-engine/server/server.go:184.16,187.3 2 0
github.com/muratmirgun/compact-engine/server/server.go:188.2,191.57 3 21
github.com/muratmirgun/compact-engine/server/server.go:191.57,193.3 1 0
